com/mercadolibre/sprint_3_team_12/dto/request/ProductDTO.class
com/mercadolibre/sprint_3_team_12/entity/InboundOrder$InboundOrderBuilder.class
com/mercadolibre/sprint_3_team_12/exceptions/ApiError.class
com/mercadolibre/sprint_3_team_12/dto/response/InboundResponseDTO.class
com/mercadolibre/sprint_3_team_12/dto/POCreatedDTO.class
com/mercadolibre/sprint_3_team_12/config/ApplicationConfig.class
com/mercadolibre/sprint_3_team_12/exceptions/InternalServerErrorException.class
com/mercadolibre/sprint_3_team_12/dto/response/ResponseBatchDTO$ResponseBatchDTOBuilder.class
com/mercadolibre/sprint_3_team_12/dto/request/BatchDTO.class
com/mercadolibre/sprint_3_team_12/exceptions/ApiException.class
com/mercadolibre/sprint_3_team_12/config/ObjectMapperConfig.class
com/mercadolibre/sprint_3_team_12/dto/response/WarehouseDTO$WarehouseDTOBuilder.class
com/mercadolibre/sprint_3_team_12/entity/User.class
com/mercadolibre/sprint_3_team_12/controller/ProductController.class
com/mercadolibre/sprint_3_team_12/entity/BatchStock.class
com/mercadolibre/sprint_3_team_12/dto/request/CartDTO.class
com/mercadolibre/sprint_3_team_12/controller/AuthController.class
com/mercadolibre/sprint_3_team_12/Application.class
com/mercadolibre/sprint_3_team_12/controller/InBoundOrderController.class
com/mercadolibre/sprint_3_team_12/dto/response/BatchDueDTO.class
com/mercadolibre/sprint_3_team_12/dto/response/AllWarehousesDTO$AllWarehousesDTOBuilder.class
com/mercadolibre/sprint_3_team_12/dto/response/AllWarehousesDTO.class
com/mercadolibre/sprint_3_team_12/entity/User$UserBuilder.class
com/mercadolibre/sprint_3_team_12/dto/response/ResponseBatchDTO.class
com/mercadolibre/sprint_3_team_12/dto/request/RegisterRequestDTO$RegisterRequestDTOBuilder.class
com/mercadolibre/sprint_3_team_12/config/SecurityConfig.class
com/mercadolibre/sprint_3_team_12/projections/WarehouseProjection$WarehouseProjectionBuilder.class
com/mercadolibre/sprint_3_team_12/projections/BatchStockProjection.class
com/mercadolibre/sprint_3_team_12/projections/SectionProjection.class
com/mercadolibre/sprint_3_team_12/config/WebConfig.class
com/mercadolibre/sprint_3_team_12/dto/request/OrderStatusDTO.class
com/mercadolibre/sprint_3_team_12/dto/response/AuthResponseDTO.class
com/mercadolibre/sprint_3_team_12/controller/PingController.class
com/mercadolibre/sprint_3_team_12/repository/ICartRepository.class
com/mercadolibre/sprint_3_team_12/config/SpringDocConfig.class
com/mercadolibre/sprint_3_team_12/service/InboundOrderServiceImpl.class
com/mercadolibre/sprint_3_team_12/controller/DemoController.class
com/mercadolibre/sprint_3_team_12/service/IInboundOrderService.class
com/mercadolibre/sprint_3_team_12/dto/request/PurchaseOrderDTO.class
com/mercadolibre/sprint_3_team_12/dto/response/ResponseBatchDueDTO.class
com/mercadolibre/sprint_3_team_12/dto/response/WarehouseDTO.class
com/mercadolibre/sprint_3_team_12/dto/POUpdateDTO.class
com/mercadolibre/sprint_3_team_12/entity/Warehouse$WarehouseBuilder.class
com/mercadolibre/sprint_3_team_12/dto/request/LoginRequestDTO$LoginRequestDTOBuilder.class
com/mercadolibre/sprint_3_team_12/service/ProductService.class
com/mercadolibre/sprint_3_team_12/repository/IProductRepository.class
com/mercadolibre/sprint_3_team_12/dto/PublishOrderDTO.class
com/mercadolibre/sprint_3_team_12/dto/response/WarehouseStockDTO$WarehouseStockDTOBuilder.class
com/mercadolibre/sprint_3_team_12/dto/response/CartWithErrorsResponseDTO.class
com/mercadolibre/sprint_3_team_12/dto/response/ResponseProductDTO$ResponseProductDTOBuilder.class
com/mercadolibre/sprint_3_team_12/service/CartServiceImpl.class
com/mercadolibre/sprint_3_team_12/controller/CartController.class
com/mercadolibre/sprint_3_team_12/projections/WarehouseProjection.class
com/mercadolibre/sprint_3_team_12/dto/StockDTO.class
com/mercadolibre/sprint_3_team_12/entity/ProductInCart.class
com/mercadolibre/sprint_3_team_12/dto/request/InboundOrderDTO.class
com/mercadolibre/sprint_3_team_12/entity/Product.class
com/mercadolibre/sprint_3_team_12/controller/BatchController.class
com/mercadolibre/sprint_3_team_12/jwt/JwtService.class
com/mercadolibre/sprint_3_team_12/entity/InboundOrder.class
com/mercadolibre/sprint_3_team_12/service/AuthServiceImpl.class
com/mercadolibre/sprint_3_team_12/dto/request/InboundDTO.class
com/mercadolibre/sprint_3_team_12/dto/SectionDTO$SectionDTOBuilder.class
com/mercadolibre/sprint_3_team_12/entity/Section$SectionBuilder.class
com/mercadolibre/sprint_3_team_12/dto/SampleDTO.class
com/mercadolibre/sprint_3_team_12/enums/OrderStatus.class
com/mercadolibre/sprint_3_team_12/service/ICartService.class
com/mercadolibre/sprint_3_team_12/enums/Rol.class
com/mercadolibre/sprint_3_team_12/entity/Cart$CartBuilder.class
com/mercadolibre/sprint_3_team_12/entity/BatchStockKey.class
com/mercadolibre/sprint_3_team_12/service/BatchService.class
com/mercadolibre/sprint_3_team_12/entity/Product$ProductBuilder.class
com/mercadolibre/sprint_3_team_12/repository/ISectionRepository.class
com/mercadolibre/sprint_3_team_12/dto/response/ResponseProductDTO.class
com/mercadolibre/sprint_3_team_12/config/ControllerExceptionHandler.class
com/mercadolibre/sprint_3_team_12/dto/BatchesByProductDTO.class
com/mercadolibre/sprint_3_team_12/service/IBatchService.class
com/mercadolibre/sprint_3_team_12/dto/request/LoginRequestDTO.class
com/mercadolibre/sprint_3_team_12/enums/Category.class
com/mercadolibre/sprint_3_team_12/repository/IProductInCartRepository.class
com/mercadolibre/sprint_3_team_12/projections/ProductProjection.class
com/mercadolibre/sprint_3_team_12/util/ScopeUtils.class
com/mercadolibre/sprint_3_team_12/repository/IWarehouseRepository.class
com/mercadolibre/sprint_3_team_12/entity/Cart.class
com/mercadolibre/sprint_3_team_12/entity/BatchStock$BatchStockBuilder.class
com/mercadolibre/sprint_3_team_12/repository/IUserRepository.class
com/mercadolibre/sprint_3_team_12/jwt/JwtAuthenticationFilter.class
com/mercadolibre/sprint_3_team_12/service/IProductService.class
com/mercadolibre/sprint_3_team_12/beans/RandomSampleBean.class
com/mercadolibre/sprint_3_team_12/dto/response/WarehouseStockDTO.class
com/mercadolibre/sprint_3_team_12/repository/IInboundOrderRepository.class
com/mercadolibre/sprint_3_team_12/dto/SectionDTO.class
com/mercadolibre/sprint_3_team_12/entity/ProductInCart$ProductInCartBuilder.class
com/mercadolibre/sprint_3_team_12/service/IAuthService.class
com/mercadolibre/sprint_3_team_12/config/ExecutorConfig.class
com/mercadolibre/sprint_3_team_12/dto/response/InboundResponseDTO$InboundResponseDTOBuilder.class
com/mercadolibre/sprint_3_team_12/dto/request/RegisterRequestDTO.class
com/mercadolibre/sprint_3_team_12/entity/Section.class
com/mercadolibre/sprint_3_team_12/entity/Warehouse.class
com/mercadolibre/sprint_3_team_12/repository/IBatchStockRepository.class
com/mercadolibre/sprint_3_team_12/dto/response/AuthResponseDTO$AuthResponseDTOBuilder.class
com/mercadolibre/sprint_3_team_12/config/DataSourceConfig.class
com/mercadolibre/sprint_3_team_12/dto/response/CartResponseDTO.class
