/app/src/main/java/com/mercadolibre/sprint_3_team_12/Application.java
/app/src/main/java/com/mercadolibre/sprint_3_team_12/beans/RandomSampleBean.java
/app/src/main/java/com/mercadolibre/sprint_3_team_12/config/ApplicationConfig.java
/app/src/main/java/com/mercadolibre/sprint_3_team_12/config/ControllerExceptionHandler.java
/app/src/main/java/com/mercadolibre/sprint_3_team_12/config/DataSourceConfig.java
/app/src/main/java/com/mercadolibre/sprint_3_team_12/config/ExecutorConfig.java
/app/src/main/java/com/mercadolibre/sprint_3_team_12/config/ObjectMapperConfig.java
/app/src/main/java/com/mercadolibre/sprint_3_team_12/config/SecurityConfig.java
/app/src/main/java/com/mercadolibre/sprint_3_team_12/config/SpringDocConfig.java
/app/src/main/java/com/mercadolibre/sprint_3_team_12/config/WebConfig.java
/app/src/main/java/com/mercadolibre/sprint_3_team_12/controller/AuthController.java
/app/src/main/java/com/mercadolibre/sprint_3_team_12/controller/BatchController.java
/app/src/main/java/com/mercadolibre/sprint_3_team_12/controller/CartController.java
/app/src/main/java/com/mercadolibre/sprint_3_team_12/controller/DemoController.java
/app/src/main/java/com/mercadolibre/sprint_3_team_12/controller/InBoundOrderController.java
/app/src/main/java/com/mercadolibre/sprint_3_team_12/controller/PingController.java
/app/src/main/java/com/mercadolibre/sprint_3_team_12/controller/ProductController.java
/app/src/main/java/com/mercadolibre/sprint_3_team_12/dto/BatchesByProductDTO.java
/app/src/main/java/com/mercadolibre/sprint_3_team_12/dto/POCreatedDTO.java
/app/src/main/java/com/mercadolibre/sprint_3_team_12/dto/POUpdateDTO.java
/app/src/main/java/com/mercadolibre/sprint_3_team_12/dto/PublishOrderDTO.java
/app/src/main/java/com/mercadolibre/sprint_3_team_12/dto/SampleDTO.java
/app/src/main/java/com/mercadolibre/sprint_3_team_12/dto/SectionDTO.java
/app/src/main/java/com/mercadolibre/sprint_3_team_12/dto/StockDTO.java
/app/src/main/java/com/mercadolibre/sprint_3_team_12/dto/request/BatchDTO.java
/app/src/main/java/com/mercadolibre/sprint_3_team_12/dto/request/CartDTO.java
/app/src/main/java/com/mercadolibre/sprint_3_team_12/dto/request/InboundDTO.java
/app/src/main/java/com/mercadolibre/sprint_3_team_12/dto/request/InboundOrderDTO.java
/app/src/main/java/com/mercadolibre/sprint_3_team_12/dto/request/LoginRequestDTO.java
/app/src/main/java/com/mercadolibre/sprint_3_team_12/dto/request/OrderStatusDTO.java
/app/src/main/java/com/mercadolibre/sprint_3_team_12/dto/request/ProductDTO.java
/app/src/main/java/com/mercadolibre/sprint_3_team_12/dto/request/PurchaseOrderDTO.java
/app/src/main/java/com/mercadolibre/sprint_3_team_12/dto/request/RegisterRequestDTO.java
/app/src/main/java/com/mercadolibre/sprint_3_team_12/dto/response/AllWarehousesDTO.java
/app/src/main/java/com/mercadolibre/sprint_3_team_12/dto/response/AuthResponseDTO.java
/app/src/main/java/com/mercadolibre/sprint_3_team_12/dto/response/BatchDueDTO.java
/app/src/main/java/com/mercadolibre/sprint_3_team_12/dto/response/CartResponseDTO.java
/app/src/main/java/com/mercadolibre/sprint_3_team_12/dto/response/CartWithErrorsResponseDTO.java
/app/src/main/java/com/mercadolibre/sprint_3_team_12/dto/response/InboundResponseDTO.java
/app/src/main/java/com/mercadolibre/sprint_3_team_12/dto/response/ResponseBatchDTO.java
/app/src/main/java/com/mercadolibre/sprint_3_team_12/dto/response/ResponseBatchDueDTO.java
/app/src/main/java/com/mercadolibre/sprint_3_team_12/dto/response/ResponseProductDTO.java
/app/src/main/java/com/mercadolibre/sprint_3_team_12/dto/response/WarehouseDTO.java
/app/src/main/java/com/mercadolibre/sprint_3_team_12/dto/response/WarehouseStockDTO.java
/app/src/main/java/com/mercadolibre/sprint_3_team_12/entity/BatchStock.java
/app/src/main/java/com/mercadolibre/sprint_3_team_12/entity/Cart.java
/app/src/main/java/com/mercadolibre/sprint_3_team_12/entity/InboundOrder.java
/app/src/main/java/com/mercadolibre/sprint_3_team_12/entity/Product.java
/app/src/main/java/com/mercadolibre/sprint_3_team_12/entity/ProductInCart.java
/app/src/main/java/com/mercadolibre/sprint_3_team_12/entity/Section.java
/app/src/main/java/com/mercadolibre/sprint_3_team_12/entity/User.java
/app/src/main/java/com/mercadolibre/sprint_3_team_12/entity/Warehouse.java
/app/src/main/java/com/mercadolibre/sprint_3_team_12/enums/Category.java
/app/src/main/java/com/mercadolibre/sprint_3_team_12/enums/OrderStatus.java
/app/src/main/java/com/mercadolibre/sprint_3_team_12/enums/Rol.java
/app/src/main/java/com/mercadolibre/sprint_3_team_12/exceptions/ApiError.java
/app/src/main/java/com/mercadolibre/sprint_3_team_12/exceptions/ApiException.java
/app/src/main/java/com/mercadolibre/sprint_3_team_12/exceptions/InternalServerErrorException.java
/app/src/main/java/com/mercadolibre/sprint_3_team_12/jwt/JwtAuthenticationFilter.java
/app/src/main/java/com/mercadolibre/sprint_3_team_12/jwt/JwtService.java
/app/src/main/java/com/mercadolibre/sprint_3_team_12/projections/BatchStockProjection.java
/app/src/main/java/com/mercadolibre/sprint_3_team_12/projections/ProductProjection.java
/app/src/main/java/com/mercadolibre/sprint_3_team_12/projections/SectionProjection.java
/app/src/main/java/com/mercadolibre/sprint_3_team_12/projections/WarehouseProjection.java
/app/src/main/java/com/mercadolibre/sprint_3_team_12/repository/IBatchStockRepository.java
/app/src/main/java/com/mercadolibre/sprint_3_team_12/repository/ICartRepository.java
/app/src/main/java/com/mercadolibre/sprint_3_team_12/repository/IInboundOrderRepository.java
/app/src/main/java/com/mercadolibre/sprint_3_team_12/repository/IProductInCartRepository.java
/app/src/main/java/com/mercadolibre/sprint_3_team_12/repository/IProductRepository.java
/app/src/main/java/com/mercadolibre/sprint_3_team_12/repository/ISectionRepository.java
/app/src/main/java/com/mercadolibre/sprint_3_team_12/repository/IUserRepository.java
/app/src/main/java/com/mercadolibre/sprint_3_team_12/repository/IWarehouseRepository.java
/app/src/main/java/com/mercadolibre/sprint_3_team_12/service/AuthServiceImpl.java
/app/src/main/java/com/mercadolibre/sprint_3_team_12/service/BatchService.java
/app/src/main/java/com/mercadolibre/sprint_3_team_12/service/CartServiceImpl.java
/app/src/main/java/com/mercadolibre/sprint_3_team_12/service/IAuthService.java
/app/src/main/java/com/mercadolibre/sprint_3_team_12/service/IBatchService.java
/app/src/main/java/com/mercadolibre/sprint_3_team_12/service/ICartService.java
/app/src/main/java/com/mercadolibre/sprint_3_team_12/service/IInboundOrderService.java
/app/src/main/java/com/mercadolibre/sprint_3_team_12/service/IProductService.java
/app/src/main/java/com/mercadolibre/sprint_3_team_12/service/InboundOrderServiceImpl.java
/app/src/main/java/com/mercadolibre/sprint_3_team_12/service/ProductService.java
/app/src/main/java/com/mercadolibre/sprint_3_team_12/util/ScopeUtils.java
