com/mercadolibre/sprint_3_team_12/unit/service/BatchService.class
com/mercadolibre/sprint_3_team_12/integration/ProductControllerTest$2.class
com/mercadolibre/sprint_3_team_12/integration/ControllerExceptionHandlerTest.class
com/mercadolibre/sprint_3_team_12/integration/IntegrationTest.class
com/mercadolibre/sprint_3_team_12/unit/service/ProductServiceTest$4.class
com/mercadolibre/sprint_3_team_12/unit/service/ProductServiceTest$1.class
com/mercadolibre/sprint_3_team_12/unit/service/InboundorderServiceTest.class
com/mercadolibre/sprint_3_team_12/integration/InboundOrderTest.class
com/mercadolibre/sprint_3_team_12/utils/UtilAutenticationTest.class
com/mercadolibre/sprint_3_team_12/integration/BatchControllerReq5Test.class
com/mercadolibre/sprint_3_team_12/integration/ProductControllerTest$1.class
com/mercadolibre/sprint_3_team_12/unit/service/BatchServiceTest.class
com/mercadolibre/sprint_3_team_12/integration/ProductControllerTest.class
com/mercadolibre/sprint_3_team_12/unit/service/ProductServiceTest$3.class
com/mercadolibre/sprint_3_team_12/integration/AuthenticationControllerTest.class
com/mercadolibre/sprint_3_team_12/integration/ControllerTest.class
com/mercadolibre/sprint_3_team_12/unit/beans/RandomSampleBeanTest.class
com/mercadolibre/sprint_3_team_12/integration/CartControllerTest.class
com/mercadolibre/sprint_3_team_12/unit/ScopeUtilsTest.class
com/mercadolibre/sprint_3_team_12/unit/service/ProductServiceTest$2.class
com/mercadolibre/sprint_3_team_12/integration/PingControllerTest.class
com/mercadolibre/sprint_3_team_12/unit/service/ProductServiceTest.class
com/mercadolibre/sprint_3_team_12/utils/CustomObjectMapper.class
com/mercadolibre/sprint_3_team_12/unit/service/CartServiceTest.class
com/mercadolibre/sprint_3_team_12/integration/GenerateDocTest.class
com/mercadolibre/sprint_3_team_12/integration/BatchControllerTest.class
