/app/src/test/java/com/mercadolibre/sprint_3_team_12/integration/AuthenticationControllerTest.java
/app/src/test/java/com/mercadolibre/sprint_3_team_12/integration/BatchControllerReq5Test.java
/app/src/test/java/com/mercadolibre/sprint_3_team_12/integration/BatchControllerTest.java
/app/src/test/java/com/mercadolibre/sprint_3_team_12/integration/CartControllerTest.java
/app/src/test/java/com/mercadolibre/sprint_3_team_12/integration/ControllerExceptionHandlerTest.java
/app/src/test/java/com/mercadolibre/sprint_3_team_12/integration/ControllerTest.java
/app/src/test/java/com/mercadolibre/sprint_3_team_12/integration/GenerateDocTest.java
/app/src/test/java/com/mercadolibre/sprint_3_team_12/integration/InboundOrderTest.java
/app/src/test/java/com/mercadolibre/sprint_3_team_12/integration/IntegrationTest.java
/app/src/test/java/com/mercadolibre/sprint_3_team_12/integration/PingControllerTest.java
/app/src/test/java/com/mercadolibre/sprint_3_team_12/integration/ProductControllerTest.java
/app/src/test/java/com/mercadolibre/sprint_3_team_12/unit/ScopeUtilsTest.java
/app/src/test/java/com/mercadolibre/sprint_3_team_12/unit/beans/RandomSampleBeanTest.java
/app/src/test/java/com/mercadolibre/sprint_3_team_12/unit/service/BatchService.java
/app/src/test/java/com/mercadolibre/sprint_3_team_12/unit/service/BatchServiceTest.java
/app/src/test/java/com/mercadolibre/sprint_3_team_12/unit/service/CartServiceTest.java
/app/src/test/java/com/mercadolibre/sprint_3_team_12/unit/service/InboundorderServiceTest.java
/app/src/test/java/com/mercadolibre/sprint_3_team_12/unit/service/ProductServiceTest.java
/app/src/test/java/com/mercadolibre/sprint_3_team_12/utils/CustomObjectMapper.java
/app/src/test/java/com/mercadolibre/sprint_3_team_12/utils/UtilAutenticationTest.java
